{"at": "2026-10-07T18:49:03", "url": "https://api.the-odds-api.com/v4/sports/soccer_epl/odds", "cost": 3.0, "remaining": "497"}
{"at": "2026-10-07T18:50:37", "url": "https://api.the-odds-api.com/v4/sports/soccer_epl/events", "cost": 0.0, "remaining": "497"}
{"at": "2026-10-07T18:50:38", "url": "https://api.the-odds-api.com/v4/sports/soccer_efl_champ/events", "cost": 0.0, "remaining": "497"}
{"at": "2026-10-07T18:50:38", "url": "https://api.the-odds-api.com/v4/sports/soccer_england_league1/events", "cost": 0.0, "remaining": "497"}
{"at": "2026-10-07T18:50:38", "url": "https://api.the-odds-api.com/v4/sports/soccer_england_league2/events", "cost": 0.0, "remaining": "497"}
{"at": "2026-10-07T18:50:39", "url": "https://api.the-odds-api.com/v4/sports/soccer_spl/events", "cost": 0.0, "remaining": "497"}
{"at": "2026-10-07T18:50:39", "url": "https://api.the-odds-api.com/v4/sports/soccer_spain_la_liga/events", "cost": 0.0, "remaining": "497"}
{"at": "2026-10-07T18:50:39", "url": "https://api.the-odds-api.com/v4/sports/soccer_spain_segunda_division/events", "cost": 0.0, "remaining": "497"}
{"at": "2026-10-07T18:50:40", "url": "https://api.the-odds-api.com/v4/sports/soccer_italy_serie_a/events", "cost": 0.0, "remaining": "497"}
{"at": "2026-10-07T18:50:40", "url": "https://api.the-odds-api.com/v4/sports/soccer_italy_serie_b/events", "cost": 0.0, "remaining": "497"}
{"at": "2026-10-07T18:50:41", "url": "https://api.the-odds-api.com/v4/sports/soccer_germany_bundesliga/events", "cost": 0.0, "remaining": "497"}
{"at": "2026-10-07T18:50:41", "url": "https://api.the-odds-api.com/v4/sports/soccer_germany_bundesliga2/events", "cost": 0.0, "remaining": "497"}
{"at": "2026-10-07T18:50:41", "url": "https://api.the-odds-api.com/v4/sports/soccer_germany_bundesliga2/odds", "cost": 2.0, "remaining": "495"}
{"at": "2026-10-07T18:50:42", "url": "https://api.the-odds-api.com/v4/sports/soccer_france_ligue_one/events", "cost": 0.0, "remaining": "495"}
{"at": "2026-10-07T18:50:42", "url": "https://api.the-odds-api.com/v4/sports/soccer_france_ligue_two/events", "cost": 0.0, "remaining": "495"}
{"at": "2026-10-07T18:50:42", "url": "https://api.the-odds-api.com/v4/sports/soccer_netherlands_eredivisie/events", "cost": 0.0, "remaining": "495"}
{"at": "2026-10-07T18:50:43", "url": "https://api.the-odds-api.com/v4/sports/soccer_belgium_first_div/events", "cost": 0.0, "remaining": "495"}
{"at": "2026-10-07T18:50:43", "url": "https://api.the-odds-api.com/v4/sports/soccer_portugal_primeira_liga/events", "cost": 0.0, "remaining": "495"}
{"at": "2026-10-07T18:50:43", "url": "https://api.the-odds-api.com/v4/sports/soccer_turkey_super_league/events", "cost": 0.0, "remaining": "495"}
{"at": "2026-10-07T18:50:43", "url": "https://api.the-odds-api.com/v4/sports/soccer_greece_super_league/events", "cost": 0.0, "remaining": "495"}
{"at": "2026-10-07T17:02:37", "url": "https://api.the-odds-api.com/v4/sports/soccer_epl/events", "cost": 0.0, "remaining": "495"}
{"at": "2026-10-07T17:02:38", "url": "https://api.the-odds-api.com/v4/sports/soccer_efl_champ/events", "cost": 0.0, "remaining": "495"}
{"at": "2026-10-07T17:02:38", "url": "https://api.the-odds-api.com/v4/sports/soccer_england_league1/events", "cost": 0.0, "remaining": "495"}
{"at": "2026-10-07T17:02:38", "url": "https://api.the-odds-api.com/v4/sports/soccer_england_league2/events", "cost": 0.0, "remaining": "495"}
{"at": "2026-10-07T17:02:38", "url": "https://api.the-odds-api.com/v4/sports/soccer_spl/events", "cost": 0.0, "remaining": "495"}
{"at": "2026-10-07T17:02:39", "url": "https://api.the-odds-api.com/v4/sports/soccer_spain_la_liga/events", "cost": 0.0, "remaining": "495"}
{"at": "2026-10-07T17:02:39", "url": "https://api.the-odds-api.com/v4/sports/soccer_spain_segunda_division/events", "cost": 0.0, "remaining": "495"}
{"at": "2026-10-07T17:02:39", "url": "https://api.the-odds-api.com/v4/sports/soccer_italy_serie_a/events", "cost": 0.0, "remaining": "495"}
{"at": "2026-10-07T17:02:39", "url": "https://api.the-odds-api.com/v4/sports/soccer_italy_serie_b/events", "cost": 0.0, "remaining": "495"}
{"at": "2026-10-07T17:02:39", "url": "https://api.the-odds-api.com/v4/sports/soccer_germany_bundesliga/events", "cost": 0.0, "remaining": "495"}
{"at": "2026-10-07T17:02:39", "url": "https://api.the-odds-api.com/v4/sports/soccer_germany_bundesliga2/events", "cost": 0.0, "remaining": "495"}
{"at": "2026-10-07T17:02:40", "url": "https://api.the-odds-api.com/v4/sports/soccer_germany_bundesliga2/odds", "cost": 2.0, "remaining": "493"}
{"at": "2026-10-07T17:02:40", "url": "https://api.the-odds-api.com/v4/sports/soccer_france_ligue_one/events", "cost": 0.0, "remaining": "493"}
{"at": "2026-10-07T17:02:40", "url": "https://api.the-odds-api.com/v4/sports/soccer_france_ligue_two/events", "cost": 0.0, "remaining": "493"}
{"at": "2026-10-07T17:02:40", "url": "https://api.the-odds-api.com/v4/sports/soccer_netherlands_eredivisie/events", "cost": 0.0, "remaining": "493"}
{"at": "2026-10-07T17:02:40", "url": "https://api.the-odds-api.com/v4/sports/soccer_belgium_first_div/events", "cost": 0.0, "remaining": "493"}
{"at": "2026-10-07T17:02:41", "url": "https://api.the-odds-api.com/v4/sports/soccer_portugal_primeira_liga/events", "cost": 0.0, "remaining": "493"}
{"at": "2026-10-07T17:02:41", "url": "https://api.the-odds-api.com/v4/sports/soccer_turkey_super_league/events", "cost": 0.0, "remaining": "493"}
{"at": "2026-10-07T17:02:41", "url": "https://api.the-odds-api.com/v4/sports/soccer_turkey_super_league/odds", "cost": 2.0, "remaining": "491"}
{"at": "2026-10-07T17:02:41", "url": "https://api.the-odds-api.com/v4/sports/soccer_greece_super_league/events", "cost": 0.0, "remaining": "491"}
